// Jest Snapshot v1, https://goo.gl/fbAQLP

exports[`Testa a renderização da tabela test 1`] = `
<DocumentFragment>
  <div>
    <main>
      <select
        data-testid="column-filter"
      >
        <option
          value="population"
        >
          population
        </option>
        <option
          value="orbital_period"
        >
          orbital_period
        </option>
        <option
          value="diameter"
        >
          diameter
        </option>
        <option
          value="rotation_period"
        >
          rotation_period
        </option>
        <option
          value="surface_water"
        >
          surface_water
        </option>
      </select>
      <select
        data-testid="comparison-filter"
      >
        <option
          value="maior que"
        >
          maior que
        </option>
        <option
          value="menor que"
        >
          menor que
        </option>
        <option
          value="igual a"
        >
          igual a
        </option>
      </select>
      <input
        data-testid="value-filter"
        type="number"
        value="0"
      />
      <button
        data-testid="button-filter"
        type="button"
      >
        Filtrar
      </button>
      <select
        data-testid="column-sort"
      >
        <option
          value="population"
        >
          population
        </option>
        <option
          value="orbital_period"
        >
          orbital_period
        </option>
        <option
          value="diameter"
        >
          diameter
        </option>
        <option
          value="rotation_period"
        >
          rotation_period
        </option>
        <option
          value="surface_water"
        >
          surface_water
        </option>
      </select>
      <label
        for="asc"
      >
        Ascendente
        <input
          data-testid="column-sort-input-asc"
          id="asc"
          name="sort"
          type="radio"
          value="ASC"
        />
      </label>
      <label
        for="desc"
      >
        Descendente
        <input
          data-testid="column-sort-input-desc"
          id="desc"
          name="sort"
          type="radio"
          value="DESC"
        />
      </label>
      <button
        data-testid="column-sort-button"
      >
        Ordenar
      </button>
      <button
        data-testid="button-remove-filters"
      >
        Apagar filtros
      </button>
      <label
        for="filter-name"
      >
        Projeto Star Wars-Trybe
        <br />
        <input
          data-testid="name-filter"
          id="filter-name"
          name="searchInput"
          type="text"
        />
      </label>
      <table
        id="table"
      >
        <thead>
          <tr
            id="row"
          >
            <th>
              Name
            </th>
            <th>
              Rotation Period
            </th>
            <th>
              Orbital Period
            </th>
            <th>
              Diameter
            </th>
            <th>
              Climate
            </th>
            <th>
              Gravity
            </th>
            <th>
              Terrain
            </th>
            <th>
              Surface Water
            </th>
            <th>
              Population
            </th>
            <th>
              Films
            </th>
            <th>
              Created
            </th>
            <th>
              Edited
            </th>
            <th>
              URL
            </th>
          </tr>
        </thead>
        <tbody />
      </table>
    </main>
  </div>
</DocumentFragment>
`;
